// Jest Snapshot v1, https://goo.gl/fbAQLP

exports[`renders toolbar components 1`] = `
<div
  className="visualization-toolbar"
>
  <div
    className="left-col"
  >
    <div
      className="popup"
    >
      <div
        className="trigger"
      >
        <div
          className="figure-note"
        >
          <button
            className="trigger-button"
          >
            Note
          </button>
        </div>
      </div>
      <div
        className="content"
      >
        <p>
          <span>
            This is a note
          </span>
        </p>
      </div>
    </div>
    <div
      className="popup"
    >
      <div
        className="trigger"
      >
        <div
          className="sources"
        >
          <button
            className="trigger-button"
          >
            Sources
          </button>
        </div>
      </div>
      <div
        className="content"
      >
        <p>
          Data provenance is not set for this visualization.
        </p>
      </div>
    </div>
    <div
      className="more-info"
    >
      <a
        href="/path/to/embeded/content"
      >
        <span>
          More info
        </span>
        <i
          class="ri-external-link-line"
        />
      </a>
    </div>
  </div>
  <div
    className="right-col"
  >
    <div
      className="enlarge"
    >
      <button
        className="trigger-button"
        onClick={[Function]}
      >
        <i
          className="ri-fullscreen-line"
        />
        Enlarge
      </button>
    </div>
    <div
      className="popup"
    >
      <div
        className="trigger"
      >
        <div
          className="share"
        >
          <button
            className="trigger-button"
          >
            <i
              class="ri-share-fill"
            />
            <span>
              Share
            </span>
          </button>
        </div>
      </div>
      <div
        className="content"
      >
        <div
          className="item"
        >
          <span
            className="label"
          >
            Copy link
          </span>
          <div
            className="control"
          >
            <div
              className="ui input share-link"
            >
              <input
                onChange={[Function]}
                type="text"
                value="/path/to/embeded/content"
              />
            </div>
            <button
              className="ui primary button copy-button copy-button"
              onClick={[Function]}
            >
              Copy
            </button>
          </div>
        </div>
      </div>
    </div>
  </div>
</div>
`;
